2026-06-23 14:57:24,620 | INFO | scoutify | ============================================================
2026-06-23 14:57:24,620 | INFO | scoutify | ============================================================
2026-06-23 14:57:24,621 | INFO | scoutify | Scoutify API Started
2026-06-23 14:57:24,621 | INFO | scoutify | Scoutify API Started
2026-06-23 14:57:24,622 | INFO | scoutify | Environment : development
2026-06-23 14:57:24,622 | INFO | scoutify | Environment : development
2026-06-23 14:57:24,622 | INFO | scoutify | ============================================================
2026-06-23 14:57:24,622 | INFO | scoutify | ============================================================
2026-06-23 14:57:31,234 | INFO | scoutify | GET /docs | 192.168.56.233
2026-06-23 14:57:31,234 | INFO | scoutify | GET /docs | 192.168.56.233
2026-06-23 14:57:33,606 | INFO | scoutify | GET /docs | 192.168.56.233
2026-06-23 14:57:33,606 | INFO | scoutify | GET /docs | 192.168.56.233
2026-06-23 14:57:34,458 | INFO | scoutify | GET /docs | 192.168.56.233
2026-06-23 14:57:34,458 | INFO | scoutify | GET /docs | 192.168.56.233
2026-06-23 15:00:29,276 | INFO | scoutify | Scoutify API Stopped
2026-06-23 15:00:29,276 | INFO | scoutify | Scoutify API Stopped
2026-06-23 15:00:39,452 | INFO | ============================================================
2026-06-23 15:00:39,452 | INFO | ============================================================
2026-06-23 15:00:39,452 | INFO | Scoutify API Started
2026-06-23 15:00:39,452 | INFO | Scoutify API Started
2026-06-23 15:00:39,453 | INFO | Environment : development
2026-06-23 15:00:39,453 | INFO | Environment : development
2026-06-23 15:00:39,453 | INFO | ============================================================
2026-06-23 15:00:39,453 | INFO | ============================================================
2026-06-23 15:00:40,039 | INFO | Scoutify API Stopped
2026-06-23 15:00:40,039 | INFO | Scoutify API Stopped
2026-06-23 15:00:41,075 | INFO | ============================================================
2026-06-23 15:00:41,075 | INFO | ============================================================
2026-06-23 15:00:41,076 | INFO | Scoutify API Started
2026-06-23 15:00:41,076 | INFO | Scoutify API Started
2026-06-23 15:00:41,076 | INFO | Environment : development
2026-06-23 15:00:41,076 | INFO | Environment : development
2026-06-23 15:00:41,076 | INFO | ============================================================
2026-06-23 15:00:41,076 | INFO | ============================================================
2026-06-23 15:00:43,844 | INFO | Scoutify API Stopped
2026-06-23 15:00:43,844 | INFO | Scoutify API Stopped
